src/user/user.service.spec.ts(2,10): error TS2724: '"./user.service"' has no exported member named 'UserService'. Did you mean 'UsersService'?
